// Jest Snapshot v1, https://jestjs.io/docs/snapshot-testing

exports[`AnchorLinkMenu should render defaults correctly 1`] = `
<div>
  <aside
    class="v-anchor-link-menu"
  />
</div>
`;
