// Jest Snapshot v1, https://goo.gl/fbAQLP

exports[`Combobox should render defaults correctly 1`] = `
<div>
  <div
    class="v-combobox"
  />
</div>
`;
