// Jest Snapshot v1, https://goo.gl/fbAQLP

exports[`TableWrapper should render defaults correctly 1`] = `
<div>
  <div
    class="v-table-wrapper"
  />
</div>
`;
