// Jest Snapshot v1, https://jestjs.io/docs/snapshot-testing

exports[`Banner should render defaults correctly 1`] = `
<div>
  <div
    class="v-message v-banner"
  />
</div>
`;
