// Jest Snapshot v1, https://jestjs.io/docs/snapshot-testing

exports[`Message should render defaults correctly 1`] = `
<div>
  <div
    class="v-message"
  />
</div>
`;
