// Jest Snapshot v1, https://jestjs.io/docs/snapshot-testing

exports[`AnchorLinkMenuHeader should render defaults correctly 1`] = `
<div>
  <div
    class="v-anchor-link-menu-header"
  />
</div>
`;
