// Jest Snapshot v1, https://jestjs.io/docs/snapshot-testing

exports[`Link should render defaults correctly 1`] = `
<div>
  <a
    class="v-link"
  />
</div>
`;
