// Jest Snapshot v1, https://jestjs.io/docs/snapshot-testing

exports[`RadioPanel should render defaults correctly 1`] = `
<div>
  <label
    class="v-label v-radio-panel v-action v-action-secondary"
  />
</div>
`;
