// Jest Snapshot v1, https://goo.gl/fbAQLP

exports[`Nav should render defaults correctly 1`] = `
<div>
  <nav
    class="v-nav"
  />
</div>
`;
