// Jest Snapshot v1, https://goo.gl/fbAQLP

exports[`Progress Label should render defaults correctly 1`] = `
<div>
  <label
    class="v-progress-label"
  />
</div>
`;
