// Jest Snapshot v1, https://jestjs.io/docs/snapshot-testing

exports[`UtilityFragment renders children correctly 1`] = `
<div>
  <div>
    Test Content
  </div>
</div>
`;
