// Jest Snapshot v1, https://jestjs.io/docs/snapshot-testing

exports[`PaginationOverflow should render defaults correctly 1`] = `
<div>
  <ul>
    <li
      class="v-pagination-overflow"
      data-testid="test-id"
    />
  </ul>
</div>
`;
