// Jest Snapshot v1, https://goo.gl/fbAQLP

exports[`InputMessage should render defaults correctly 1`] = `
<div>
  <span
    class="v-input-message"
  />
</div>
`;
