// Jest Snapshot v1, https://goo.gl/fbAQLP

exports[`ContentCardImage should render defaults correctly 1`] = `
<div>
  <div
    class="v-content-card-image"
  />
</div>
`;
