// Jest Snapshot v1, https://jestjs.io/docs/snapshot-testing

exports[`DialogContent should render defaults correctly 1`] = `
<div>
  <div
    class="v-message-content v-pb-2 v-pr-2"
  />
</div>
`;
