// Jest Snapshot v1, https://jestjs.io/docs/snapshot-testing

exports[`ListboxItem should render defaults correctly 1`] = `
<div>
  <ul>
    <li
      class="v-listbox-item"
      data-testid="test-id"
    />
  </ul>
</div>
`;
