// Jest Snapshot v1, https://goo.gl/fbAQLP

exports[`Divider should render defaults correctly 1`] = `
<div>
  <hr
    class="v-divider"
  />
</div>
`;
