// Jest Snapshot v1, https://goo.gl/fbAQLP

exports[`InputControl should render defaults correctly 1`] = `
<div>
  <div
    class="v-input-control"
  />
</div>
`;
