// Jest Snapshot v1, https://goo.gl/fbAQLP

exports[`InputContainer should render defaults correctly 1`] = `
<div>
  <div
    class="v-surface v-input-container"
  />
</div>
`;
