// Jest Snapshot v1, https://goo.gl/fbAQLP

exports[`NavAppName should render defaults correctly 1`] = `
<div>
  <div
    class="v-nav-app-name"
  />
</div>
`;
