// Jest Snapshot v1, https://jestjs.io/docs/snapshot-testing

exports[`Table should render defaults correctly 1`] = `
<div>
  <table
    class="v-table"
  />
</div>
`;
